// Jest Snapshot v1, https://goo.gl/fbAQLP

exports[`Renders <NotFound> component 1`] = `
<div
  className="emoji-mart-no-results"
>
  <span
    aria-label="🕵️, sleuth_or_spy"
    className="emoji-mart-emoji emoji-mart-emoji-native"
    id="emoji-mart-sleuth_or_spy"
    onClick={[Function]}
    onKeyDown={[Function]}
    onMouseEnter={[Function]}
    onMouseLeave={[Function]}
    title={null}
  >
    <span
      style={
        Object {
          "display": "inline-block",
          "fontSize": 38,
          "height": 38,
          "width": 38,
          "wordBreak": "keep-all",
        }
      }
    >
      🕵️
    </span>
  </span>
  <div
    className="emoji-mart-no-results-label"
  >
    No Emoji Found
  </div>
</div>
`;
